# serializer version: 1
# name: test_display_table_for_nested_list
  '''
  <svg class="rich-terminal" viewBox="0 0 994 635.5999999999999" xmlns="http://www.w3.org/2000/svg">
      <!-- Generated with Rich https://www.textualize.io -->
      <style>
  
      @font-face {
          font-family: "Fira Code";
          src: local("FiraCode-Regular"),
                  url("https://cdnjs.cloudflare.com/ajax/libs/firacode/6.2.0/woff2/FiraCode-Regular.woff2") format("woff2"),
                  url("https://cdnjs.cloudflare.com/ajax/libs/firacode/6.2.0/woff/FiraCode-Regular.woff") format("woff");
          font-style: normal;
          font-weight: 400;
      }
      @font-face {
          font-family: "Fira Code";
          src: local("FiraCode-Bold"),
                  url("https://cdnjs.cloudflare.com/ajax/libs/firacode/6.2.0/woff2/FiraCode-Bold.woff2") format("woff2"),
                  url("https://cdnjs.cloudflare.com/ajax/libs/firacode/6.2.0/woff/FiraCode-Bold.woff") format("woff");
          font-style: bold;
          font-weight: 700;
      }
  
      .terminal-125281724-matrix {
          font-family: Fira Code, monospace;
          font-size: 20px;
          line-height: 24.4px;
          font-variant-east-asian: full-width;
      }
  
      .terminal-125281724-title {
          font-size: 18px;
          font-weight: bold;
          font-family: arial;
      }
  
      .terminal-125281724-r1 { fill: #c5c8c6 }
  .terminal-125281724-r2 { fill: #e3e3e3 }
  .terminal-125281724-r3 { fill: #e1eaf0;font-weight: bold }
  .terminal-125281724-r4 { fill: #e1eaf0 }
  .terminal-125281724-r5 { fill: #e9e6e1 }
  .terminal-125281724-r6 { fill: #e1e1e1 }
  .terminal-125281724-r7 { fill: #171717 }
  .terminal-125281724-r8 { fill: #a7a7a7 }
  .terminal-125281724-r9 { fill: #000000 }
  .terminal-125281724-r10 { fill: #dde8f3;font-weight: bold }
  .terminal-125281724-r11 { fill: #ddedf9 }
      </style>
  
      <defs>
      <clipPath id="terminal-125281724-clip-terminal">
        <rect x="0" y="0" width="975.0" height="584.5999999999999" />
      </clipPath>
      <clipPath id="terminal-125281724-line-0">
      <rect x="0" y="1.5" width="976" height="24.65"/>
              </clipPath>
  <clipPath id="terminal-125281724-line-1">
      <rect x="0" y="25.9" width="976" height="24.65"/>
              </clipPath>
  <clipPath id="terminal-125281724-line-2">
      <rect x="0" y="50.3" width="976" height="24.65"/>
              </clipPath>
  <clipPath id="terminal-125281724-line-3">
      <rect x="0" y="74.7" width="976" height="24.65"/>
              </clipPath>
  <clipPath id="terminal-125281724-line-4">
      <rect x="0" y="99.1" width="976" height="24.65"/>
              </clipPath>
  <clipPath id="terminal-125281724-line-5">
      <rect x="0" y="123.5" width="976" height="24.65"/>
              </clipPath>
  <clipPath id="terminal-125281724-line-6">
      <rect x="0" y="147.9" width="976" height="24.65"/>
              </clipPath>
  <clipPath id="terminal-125281724-line-7">
      <rect x="0" y="172.3" width="976" height="24.65"/>
              </clipPath>
  <clipPath id="terminal-125281724-line-8">
      <rect x="0" y="196.7" width="976" height="24.65"/>
              </clipPath>
  <clipPath id="terminal-125281724-line-9">
      <rect x="0" y="221.1" width="976" height="24.65"/>
              </clipPath>
  <clipPath id="terminal-125281724-line-10">
      <rect x="0" y="245.5" width="976" height="24.65"/>
              </clipPath>
  <clipPath id="terminal-125281724-line-11">
      <rect x="0" y="269.9" width="976" height="24.65"/>
              </clipPath>
  <clipPath id="terminal-125281724-line-12">
      <rect x="0" y="294.3" width="976" height="24.65"/>
              </clipPath>
  <clipPath id="terminal-125281724-line-13">
      <rect x="0" y="318.7" width="976" height="24.65"/>
              </clipPath>
  <clipPath id="terminal-125281724-line-14">
      <rect x="0" y="343.1" width="976" height="24.65"/>
              </clipPath>
  <clipPath id="terminal-125281724-line-15">
      <rect x="0" y="367.5" width="976" height="24.65"/>
              </clipPath>
  <clipPath id="terminal-125281724-line-16">
      <rect x="0" y="391.9" width="976" height="24.65"/>
              </clipPath>
  <clipPath id="terminal-125281724-line-17">
      <rect x="0" y="416.3" width="976" height="24.65"/>
              </clipPath>
  <clipPath id="terminal-125281724-line-18">
      <rect x="0" y="440.7" width="976" height="24.65"/>
              </clipPath>
  <clipPath id="terminal-125281724-line-19">
      <rect x="0" y="465.1" width="976" height="24.65"/>
              </clipPath>
  <clipPath id="terminal-125281724-line-20">
      <rect x="0" y="489.5" width="976" height="24.65"/>
              </clipPath>
  <clipPath id="terminal-125281724-line-21">
      <rect x="0" y="513.9" width="976" height="24.65"/>
              </clipPath>
  <clipPath id="terminal-125281724-line-22">
      <rect x="0" y="538.3" width="976" height="24.65"/>
              </clipPath>
      </defs>
  
      <rect fill="#292929" stroke="rgba(255,255,255,0.35)" stroke-width="1" x="1" y="1" width="992" height="633.6" rx="8"/><text class="terminal-125281724-title" fill="#c5c8c6" text-anchor="middle" x="496" y="27">TableDisplay</text>
              <g transform="translate(26,22)">
              <circle cx="0" cy="0" r="7" fill="#ff5f57"/>
              <circle cx="22" cy="0" r="7" fill="#febc2e"/>
              <circle cx="44" cy="0" r="7" fill="#28c840"/>
              </g>
          
      <g transform="translate(9, 41)" clip-path="url(#terminal-125281724-clip-terminal)">
      <rect fill="#282828" x="0" y="1.5" width="12.2" height="24.65" shape-rendering="crispEdges"/><rect fill="#282828" x="12.2" y="1.5" width="12.2" height="24.65" shape-rendering="crispEdges"/><rect fill="#282828" x="24.4" y="1.5" width="61" height="24.65" shape-rendering="crispEdges"/><rect fill="#282828" x="85.4" y="1.5" width="12.2" height="24.65" shape-rendering="crispEdges"/><rect fill="#282828" x="97.6" y="1.5" width="305" height="24.65" shape-rendering="crispEdges"/><rect fill="#282828" x="402.6" y="1.5" width="146.4" height="24.65" shape-rendering="crispEdges"/><rect fill="#282828" x="549" y="1.5" width="305" height="24.65" shape-rendering="crispEdges"/><rect fill="#282828" x="854" y="1.5" width="12.2" height="24.65" shape-rendering="crispEdges"/><rect fill="#282828" x="866.2" y="1.5" width="0" height="24.65" shape-rendering="crispEdges"/><rect fill="#282828" x="866.2" y="1.5" width="97.6" height="24.65" shape-rendering="crispEdges"/><rect fill="#282828" x="963.8" y="1.5" width="12.2" height="24.65" shape-rendering="crispEdges"/><rect fill="#1f618d" x="0" y="25.9" width="48.8" height="24.65" shape-rendering="crispEdges"/><rect fill="#1f618d" x="48.8" y="25.9" width="48.8" height="24.65" shape-rendering="crispEdges"/><rect fill="#1f618d" x="97.6" y="25.9" width="48.8" height="24.65" shape-rendering="crispEdges"/><rect fill="#1f618d" x="146.4" y="25.9" width="61" height="24.65" shape-rendering="crispEdges"/><rect fill="#1e5071" x="207.4" y="25.9" width="768.6" height="24.65" shape-rendering="crispEdges"/><rect fill="#5d431a" x="0" y="50.3" width="48.8" height="24.65" shape-rendering="crispEdges"/><rect fill="#1e1e1e" x="48.8" y="50.3" width="48.8" height="24.65" shape-rendering="crispEdges"/><rect fill="#1e1e1e" x="97.6" y="50.3" width="48.8" height="24.65" shape-rendering="crispEdges"/><rect fill="#1e1e1e" x="146.4" y="50.3" width="61" height="24.65" shape-rendering="crispEdges"/><rect fill="#1e1e1e" x="207.4" y="50.3" width="768.6" height="24.65" shape-rendering="crispEdges"/><rect fill="#1e1e1e" x="0" y="74.7" width="48.8" height="24.65" shape-rendering="crispEdges"/><rect fill="#1e1e1e" x="48.8" y="74.7" width="48.8" height="24.65" shape-rendering="crispEdges"/><rect fill="#1e1e1e" x="97.6" y="74.7" width="48.8" height="24.65" shape-rendering="crispEdges"/><rect fill="#1e1e1e" x="146.4" y="74.7" width="61" height="24.65" shape-rendering="crispEdges"/><rect fill="#1e1e1e" x="207.4" y="74.7" width="768.6" height="24.65" shape-rendering="crispEdges"/><rect fill="#1e1e1e" x="0" y="99.1" width="48.8" height="24.65" shape-rendering="crispEdges"/><rect fill="#1e1e1e" x="48.8" y="99.1" width="48.8" height="24.65" shape-rendering="crispEdges"/><rect fill="#1e1e1e" x="97.6" y="99.1" width="48.8" height="24.65" shape-rendering="crispEdges"/><rect fill="#1e1e1e" x="146.4" y="99.1" width="61" height="24.65" shape-rendering="crispEdges"/><rect fill="#1e1e1e" x="207.4" y="99.1" width="768.6" height="24.65" shape-rendering="crispEdges"/><rect fill="#1e1e1e" x="0" y="123.5" width="976" height="24.65" shape-rendering="crispEdges"/><rect fill="#1e1e1e" x="0" y="147.9" width="976" height="24.65" shape-rendering="crispEdges"/><rect fill="#1e1e1e" x="0" y="172.3" width="976" height="24.65" shape-rendering="crispEdges"/><rect fill="#1e1e1e" x="0" y="196.7" width="976" height="24.65" shape-rendering="crispEdges"/><rect fill="#1e1e1e" x="0" y="221.1" width="976" height="24.65" shape-rendering="crispEdges"/><rect fill="#1e1e1e" x="0" y="245.5" width="976" height="24.65" shape-rendering="crispEdges"/><rect fill="#1e1e1e" x="0" y="269.9" width="976" height="24.65" shape-rendering="crispEdges"/><rect fill="#1e1e1e" x="0" y="294.3" width="976" height="24.65" shape-rendering="crispEdges"/><rect fill="#1e1e1e" x="0" y="318.7" width="976" height="24.65" shape-rendering="crispEdges"/><rect fill="#1e1e1e" x="0" y="343.1" width="976" height="24.65" shape-rendering="crispEdges"/><rect fill="#1e1e1e" x="0" y="367.5" width="976" height="24.65" shape-rendering="crispEdges"/><rect fill="#1e1e1e" x="0" y="391.9" width="976" height="24.65" shape-rendering="crispEdges"/><rect fill="#1e1e1e" x="0" y="416.3" width="976" height="24.65" shape-rendering="crispEdges"/><rect fill="#1e1e1e" x="0" y="440.7" width="976" height="24.65" shape-rendering="crispEdges"/><rect fill="#222222" x="0" y="465.1" width="976" height="24.65" shape-rendering="crispEdges"/><rect fill="#222222" x="0" y="489.5" width="12.2" height="24.65" shape-rendering="crispEdges"/><rect fill="#222222" x="12.2" y="489.5" width="951.6" height="24.65" shape-rendering="crispEdges"/><rect fill="#222222" x="963.8" y="489.5" width="12.2" height="24.65" shape-rendering="crispEdges"/><rect fill="#222222" x="0" y="513.9" width="976" height="24.65" shape-rendering="crispEdges"/><rect fill="#f39c12" x="0" y="538.3" width="12.2" height="24.65" shape-rendering="crispEdges"/><rect fill="#f39c12" x="12.2" y="538.3" width="939.4" height="24.65" shape-rendering="crispEdges"/><rect fill="#14191f" x="951.6" y="538.3" width="24.4" height="24.65" shape-rendering="crispEdges"/><rect fill="#0053aa" x="0" y="562.7" width="36.6" height="24.65" shape-rendering="crispEdges"/><rect fill="#0178d4" x="36.6" y="562.7" width="195.2" height="24.65" shape-rendering="crispEdges"/><rect fill="#0053aa" x="231.8" y="562.7" width="36.6" height="24.65" shape-rendering="crispEdges"/><rect fill="#0178d4" x="268.4" y="562.7" width="73.2" height="24.65" shape-rendering="crispEdges"/><rect fill="#0053aa" x="341.6" y="562.7" width="48.8" height="24.65" shape-rendering="crispEdges"/><rect fill="#0178d4" x="390.4" y="562.7" width="183" height="24.65" shape-rendering="crispEdges"/><rect fill="#0053aa" x="573.4" y="562.7" width="36.6" height="24.65" shape-rendering="crispEdges"/><rect fill="#0178d4" x="610" y="562.7" width="207.4" height="24.65" shape-rendering="crispEdges"/><rect fill="#0053aa" x="817.4" y="562.7" width="36.6" height="24.65" shape-rendering="crispEdges"/><rect fill="#0178d4" x="854" y="562.7" width="109.8" height="24.65" shape-rendering="crispEdges"/><rect fill="#0053aa" x="963.8" y="562.7" width="12.2" height="24.65" shape-rendering="crispEdges"/>
      <g class="terminal-125281724-matrix">
      <text class="terminal-125281724-r2" x="12.2" y="20" textLength="12.2" clip-path="url(#terminal-125281724-line-0)">⭘</text><text class="terminal-125281724-r2" x="402.6" y="20" textLength="146.4" clip-path="url(#terminal-125281724-line-0)">TableDisplay</text><text class="terminal-125281724-r1" x="976" y="20" textLength="12.2" clip-path="url(#terminal-125281724-line-0)">
  </text><text class="terminal-125281724-r3" x="0" y="44.4" textLength="48.8" clip-path="url(#terminal-125281724-line-1)">&#160;ID&#160;</text><text class="terminal-125281724-r3" x="48.8" y="44.4" textLength="48.8" clip-path="url(#terminal-125281724-line-1)">&#160;c1&#160;</text><text class="terminal-125281724-r3" x="97.6" y="44.4" textLength="48.8" clip-path="url(#terminal-125281724-line-1)">&#160;c2&#160;</text><text class="terminal-125281724-r3" x="146.4" y="44.4" textLength="61" clip-path="url(#terminal-125281724-line-1)">&#160;c3&#160;&#160;</text><text class="terminal-125281724-r1" x="976" y="44.4" textLength="12.2" clip-path="url(#terminal-125281724-line-1)">
  </text><text class="terminal-125281724-r5" x="0" y="68.8" textLength="48.8" clip-path="url(#terminal-125281724-line-2)">&#160;1&#160;&#160;</text><text class="terminal-125281724-r6" x="48.8" y="68.8" textLength="48.8" clip-path="url(#terminal-125281724-line-2)">&#160;1&#160;&#160;</text><text class="terminal-125281724-r6" x="97.6" y="68.8" textLength="48.8" clip-path="url(#terminal-125281724-line-2)">&#160;a&#160;&#160;</text><text class="terminal-125281724-r6" x="146.4" y="68.8" textLength="61" clip-path="url(#terminal-125281724-line-2)">&#160;0.1&#160;</text><text class="terminal-125281724-r1" x="976" y="68.8" textLength="12.2" clip-path="url(#terminal-125281724-line-2)">
  </text><text class="terminal-125281724-r6" x="0" y="93.2" textLength="48.8" clip-path="url(#terminal-125281724-line-3)">&#160;2&#160;&#160;</text><text class="terminal-125281724-r6" x="48.8" y="93.2" textLength="48.8" clip-path="url(#terminal-125281724-line-3)">&#160;2&#160;&#160;</text><text class="terminal-125281724-r6" x="97.6" y="93.2" textLength="48.8" clip-path="url(#terminal-125281724-line-3)">&#160;b&#160;&#160;</text><text class="terminal-125281724-r6" x="146.4" y="93.2" textLength="61" clip-path="url(#terminal-125281724-line-3)">&#160;0.2&#160;</text><text class="terminal-125281724-r1" x="976" y="93.2" textLength="12.2" clip-path="url(#terminal-125281724-line-3)">
  </text><text class="terminal-125281724-r6" x="0" y="117.6" textLength="48.8" clip-path="url(#terminal-125281724-line-4)">&#160;3&#160;&#160;</text><text class="terminal-125281724-r6" x="48.8" y="117.6" textLength="48.8" clip-path="url(#terminal-125281724-line-4)">&#160;3&#160;&#160;</text><text class="terminal-125281724-r6" x="97.6" y="117.6" textLength="48.8" clip-path="url(#terminal-125281724-line-4)">&#160;c&#160;&#160;</text><text class="terminal-125281724-r6" x="146.4" y="117.6" textLength="61" clip-path="url(#terminal-125281724-line-4)">&#160;0.3&#160;</text><text class="terminal-125281724-r1" x="976" y="117.6" textLength="12.2" clip-path="url(#terminal-125281724-line-4)">
  </text><text class="terminal-125281724-r1" x="976" y="142" textLength="12.2" clip-path="url(#terminal-125281724-line-5)">
  </text><text class="terminal-125281724-r1" x="976" y="166.4" textLength="12.2" clip-path="url(#terminal-125281724-line-6)">
  </text><text class="terminal-125281724-r1" x="976" y="190.8" textLength="12.2" clip-path="url(#terminal-125281724-line-7)">
  </text><text class="terminal-125281724-r1" x="976" y="215.2" textLength="12.2" clip-path="url(#terminal-125281724-line-8)">
  </text><text class="terminal-125281724-r1" x="976" y="239.6" textLength="12.2" clip-path="url(#terminal-125281724-line-9)">
  </text><text class="terminal-125281724-r1" x="976" y="264" textLength="12.2" clip-path="url(#terminal-125281724-line-10)">
  </text><text class="terminal-125281724-r1" x="976" y="288.4" textLength="12.2" clip-path="url(#terminal-125281724-line-11)">
  </text><text class="terminal-125281724-r1" x="976" y="312.8" textLength="12.2" clip-path="url(#terminal-125281724-line-12)">
  </text><text class="terminal-125281724-r1" x="976" y="337.2" textLength="12.2" clip-path="url(#terminal-125281724-line-13)">
  </text><text class="terminal-125281724-r1" x="976" y="361.6" textLength="12.2" clip-path="url(#terminal-125281724-line-14)">
  </text><text class="terminal-125281724-r1" x="976" y="386" textLength="12.2" clip-path="url(#terminal-125281724-line-15)">
  </text><text class="terminal-125281724-r1" x="976" y="410.4" textLength="12.2" clip-path="url(#terminal-125281724-line-16)">
  </text><text class="terminal-125281724-r1" x="976" y="434.8" textLength="12.2" clip-path="url(#terminal-125281724-line-17)">
  </text><text class="terminal-125281724-r1" x="976" y="459.2" textLength="12.2" clip-path="url(#terminal-125281724-line-18)">
  </text><text class="terminal-125281724-r7" x="0" y="483.6" textLength="976" clip-path="url(#terminal-125281724-line-19)">▔▔▔▔▔▔▔▔▔▔▔▔▔▔▔▔▔▔▔▔▔▔▔▔▔▔▔▔▔▔▔▔▔▔▔▔▔▔▔▔▔▔▔▔▔▔▔▔▔▔▔▔▔▔▔▔▔▔▔▔▔▔▔▔▔▔▔▔▔▔▔▔▔▔▔▔▔▔▔▔</text><text class="terminal-125281724-r1" x="976" y="483.6" textLength="12.2" clip-path="url(#terminal-125281724-line-19)">
  </text><text class="terminal-125281724-r1" x="976" y="508" textLength="12.2" clip-path="url(#terminal-125281724-line-20)">
  </text><text class="terminal-125281724-r7" x="0" y="532.4" textLength="976" clip-path="url(#terminal-125281724-line-21)">▁▁▁▁▁▁▁▁▁▁▁▁▁▁▁▁▁▁▁▁▁▁▁▁▁▁▁▁▁▁▁▁▁▁▁▁▁▁▁▁▁▁▁▁▁▁▁▁▁▁▁▁▁▁▁▁▁▁▁▁▁▁▁▁▁▁▁▁▁▁▁▁▁▁▁▁▁▁▁▁</text><text class="terminal-125281724-r1" x="976" y="532.4" textLength="12.2" clip-path="url(#terminal-125281724-line-21)">
  </text><text class="terminal-125281724-r1" x="976" y="556.8" textLength="12.2" clip-path="url(#terminal-125281724-line-22)">
  </text><text class="terminal-125281724-r10" x="0" y="581.2" textLength="36.6" clip-path="url(#terminal-125281724-line-23)">&#160;R&#160;</text><text class="terminal-125281724-r11" x="36.6" y="581.2" textLength="195.2" clip-path="url(#terminal-125281724-line-23)">&#160;Refresh&#160;screen&#160;</text><text class="terminal-125281724-r10" x="231.8" y="581.2" textLength="36.6" clip-path="url(#terminal-125281724-line-23)">&#160;q&#160;</text><text class="terminal-125281724-r11" x="268.4" y="581.2" textLength="73.2" clip-path="url(#terminal-125281724-line-23)">&#160;Quit&#160;</text><text class="terminal-125281724-r10" x="341.6" y="581.2" textLength="48.8" clip-path="url(#terminal-125281724-line-23)">&#160;F1&#160;</text><text class="terminal-125281724-r11" x="390.4" y="581.2" textLength="183" clip-path="url(#terminal-125281724-line-23)">&#160;Show&#160;bindings&#160;</text><text class="terminal-125281724-r10" x="573.4" y="581.2" textLength="36.6" clip-path="url(#terminal-125281724-line-23)">&#160;:&#160;</text><text class="terminal-125281724-r11" x="610" y="581.2" textLength="207.4" clip-path="url(#terminal-125281724-line-23)">&#160;Command&#160;Palette&#160;</text><text class="terminal-125281724-r10" x="817.4" y="581.2" textLength="36.6" clip-path="url(#terminal-125281724-line-23)">&#160;A&#160;</text><text class="terminal-125281724-r11" x="854" y="581.2" textLength="109.8" clip-path="url(#terminal-125281724-line-23)">&#160;Add&#160;row&#160;</text><text class="terminal-125281724-r10" x="963.8" y="581.2" textLength="12.2" clip-path="url(#terminal-125281724-line-23)">…</text>
      </g>
      </g>
  </svg>
  
  '''
# ---
# name: test_display_table_for_pandas_dataframe
  '''
  <svg class="rich-terminal" viewBox="0 0 994 635.5999999999999" xmlns="http://www.w3.org/2000/svg">
      <!-- Generated with Rich https://www.textualize.io -->
      <style>
  
      @font-face {
          font-family: "Fira Code";
          src: local("FiraCode-Regular"),
                  url("https://cdnjs.cloudflare.com/ajax/libs/firacode/6.2.0/woff2/FiraCode-Regular.woff2") format("woff2"),
                  url("https://cdnjs.cloudflare.com/ajax/libs/firacode/6.2.0/woff/FiraCode-Regular.woff") format("woff");
          font-style: normal;
          font-weight: 400;
      }
      @font-face {
          font-family: "Fira Code";
          src: local("FiraCode-Bold"),
                  url("https://cdnjs.cloudflare.com/ajax/libs/firacode/6.2.0/woff2/FiraCode-Bold.woff2") format("woff2"),
                  url("https://cdnjs.cloudflare.com/ajax/libs/firacode/6.2.0/woff/FiraCode-Bold.woff") format("woff");
          font-style: bold;
          font-weight: 700;
      }
  
      .terminal-4109739392-matrix {
          font-family: Fira Code, monospace;
          font-size: 20px;
          line-height: 24.4px;
          font-variant-east-asian: full-width;
      }
  
      .terminal-4109739392-title {
          font-size: 18px;
          font-weight: bold;
          font-family: arial;
      }
  
      .terminal-4109739392-r1 { fill: #c5c8c6 }
  .terminal-4109739392-r2 { fill: #e3e3e3 }
  .terminal-4109739392-r3 { fill: #e1eaf0;font-weight: bold }
  .terminal-4109739392-r4 { fill: #e1eaf0 }
  .terminal-4109739392-r5 { fill: #e9e6e1 }
  .terminal-4109739392-r6 { fill: #e1e1e1 }
  .terminal-4109739392-r7 { fill: #171717 }
  .terminal-4109739392-r8 { fill: #a7a7a7 }
  .terminal-4109739392-r9 { fill: #000000 }
  .terminal-4109739392-r10 { fill: #dde8f3;font-weight: bold }
  .terminal-4109739392-r11 { fill: #ddedf9 }
      </style>
  
      <defs>
      <clipPath id="terminal-4109739392-clip-terminal">
        <rect x="0" y="0" width="975.0" height="584.5999999999999" />
      </clipPath>
      <clipPath id="terminal-4109739392-line-0">
      <rect x="0" y="1.5" width="976" height="24.65"/>
              </clipPath>
  <clipPath id="terminal-4109739392-line-1">
      <rect x="0" y="25.9" width="976" height="24.65"/>
              </clipPath>
  <clipPath id="terminal-4109739392-line-2">
      <rect x="0" y="50.3" width="976" height="24.65"/>
              </clipPath>
  <clipPath id="terminal-4109739392-line-3">
      <rect x="0" y="74.7" width="976" height="24.65"/>
              </clipPath>
  <clipPath id="terminal-4109739392-line-4">
      <rect x="0" y="99.1" width="976" height="24.65"/>
              </clipPath>
  <clipPath id="terminal-4109739392-line-5">
      <rect x="0" y="123.5" width="976" height="24.65"/>
              </clipPath>
  <clipPath id="terminal-4109739392-line-6">
      <rect x="0" y="147.9" width="976" height="24.65"/>
              </clipPath>
  <clipPath id="terminal-4109739392-line-7">
      <rect x="0" y="172.3" width="976" height="24.65"/>
              </clipPath>
  <clipPath id="terminal-4109739392-line-8">
      <rect x="0" y="196.7" width="976" height="24.65"/>
              </clipPath>
  <clipPath id="terminal-4109739392-line-9">
      <rect x="0" y="221.1" width="976" height="24.65"/>
              </clipPath>
  <clipPath id="terminal-4109739392-line-10">
      <rect x="0" y="245.5" width="976" height="24.65"/>
              </clipPath>
  <clipPath id="terminal-4109739392-line-11">
      <rect x="0" y="269.9" width="976" height="24.65"/>
              </clipPath>
  <clipPath id="terminal-4109739392-line-12">
      <rect x="0" y="294.3" width="976" height="24.65"/>
              </clipPath>
  <clipPath id="terminal-4109739392-line-13">
      <rect x="0" y="318.7" width="976" height="24.65"/>
              </clipPath>
  <clipPath id="terminal-4109739392-line-14">
      <rect x="0" y="343.1" width="976" height="24.65"/>
              </clipPath>
  <clipPath id="terminal-4109739392-line-15">
      <rect x="0" y="367.5" width="976" height="24.65"/>
              </clipPath>
  <clipPath id="terminal-4109739392-line-16">
      <rect x="0" y="391.9" width="976" height="24.65"/>
              </clipPath>
  <clipPath id="terminal-4109739392-line-17">
      <rect x="0" y="416.3" width="976" height="24.65"/>
              </clipPath>
  <clipPath id="terminal-4109739392-line-18">
      <rect x="0" y="440.7" width="976" height="24.65"/>
              </clipPath>
  <clipPath id="terminal-4109739392-line-19">
      <rect x="0" y="465.1" width="976" height="24.65"/>
              </clipPath>
  <clipPath id="terminal-4109739392-line-20">
      <rect x="0" y="489.5" width="976" height="24.65"/>
              </clipPath>
  <clipPath id="terminal-4109739392-line-21">
      <rect x="0" y="513.9" width="976" height="24.65"/>
              </clipPath>
  <clipPath id="terminal-4109739392-line-22">
      <rect x="0" y="538.3" width="976" height="24.65"/>
              </clipPath>
      </defs>
  
      <rect fill="#292929" stroke="rgba(255,255,255,0.35)" stroke-width="1" x="1" y="1" width="992" height="633.6" rx="8"/><text class="terminal-4109739392-title" fill="#c5c8c6" text-anchor="middle" x="496" y="27">TableDisplay</text>
              <g transform="translate(26,22)">
              <circle cx="0" cy="0" r="7" fill="#ff5f57"/>
              <circle cx="22" cy="0" r="7" fill="#febc2e"/>
              <circle cx="44" cy="0" r="7" fill="#28c840"/>
              </g>
          
      <g transform="translate(9, 41)" clip-path="url(#terminal-4109739392-clip-terminal)">
      <rect fill="#282828" x="0" y="1.5" width="12.2" height="24.65" shape-rendering="crispEdges"/><rect fill="#282828" x="12.2" y="1.5" width="12.2" height="24.65" shape-rendering="crispEdges"/><rect fill="#282828" x="24.4" y="1.5" width="61" height="24.65" shape-rendering="crispEdges"/><rect fill="#282828" x="85.4" y="1.5" width="12.2" height="24.65" shape-rendering="crispEdges"/><rect fill="#282828" x="97.6" y="1.5" width="305" height="24.65" shape-rendering="crispEdges"/><rect fill="#282828" x="402.6" y="1.5" width="146.4" height="24.65" shape-rendering="crispEdges"/><rect fill="#282828" x="549" y="1.5" width="305" height="24.65" shape-rendering="crispEdges"/><rect fill="#282828" x="854" y="1.5" width="12.2" height="24.65" shape-rendering="crispEdges"/><rect fill="#282828" x="866.2" y="1.5" width="0" height="24.65" shape-rendering="crispEdges"/><rect fill="#282828" x="866.2" y="1.5" width="97.6" height="24.65" shape-rendering="crispEdges"/><rect fill="#282828" x="963.8" y="1.5" width="12.2" height="24.65" shape-rendering="crispEdges"/><rect fill="#1f618d" x="0" y="25.9" width="48.8" height="24.65" shape-rendering="crispEdges"/><rect fill="#1f618d" x="48.8" y="25.9" width="36.6" height="24.65" shape-rendering="crispEdges"/><rect fill="#1f618d" x="85.4" y="25.9" width="36.6" height="24.65" shape-rendering="crispEdges"/><rect fill="#1f618d" x="122" y="25.9" width="61" height="24.65" shape-rendering="crispEdges"/><rect fill="#1e5071" x="183" y="25.9" width="793" height="24.65" shape-rendering="crispEdges"/><rect fill="#5d431a" x="0" y="50.3" width="48.8" height="24.65" shape-rendering="crispEdges"/><rect fill="#1e1e1e" x="48.8" y="50.3" width="36.6" height="24.65" shape-rendering="crispEdges"/><rect fill="#1e1e1e" x="85.4" y="50.3" width="36.6" height="24.65" shape-rendering="crispEdges"/><rect fill="#1e1e1e" x="122" y="50.3" width="61" height="24.65" shape-rendering="crispEdges"/><rect fill="#1e1e1e" x="183" y="50.3" width="793" height="24.65" shape-rendering="crispEdges"/><rect fill="#1e1e1e" x="0" y="74.7" width="48.8" height="24.65" shape-rendering="crispEdges"/><rect fill="#1e1e1e" x="48.8" y="74.7" width="36.6" height="24.65" shape-rendering="crispEdges"/><rect fill="#1e1e1e" x="85.4" y="74.7" width="36.6" height="24.65" shape-rendering="crispEdges"/><rect fill="#1e1e1e" x="122" y="74.7" width="61" height="24.65" shape-rendering="crispEdges"/><rect fill="#1e1e1e" x="183" y="74.7" width="793" height="24.65" shape-rendering="crispEdges"/><rect fill="#1e1e1e" x="0" y="99.1" width="48.8" height="24.65" shape-rendering="crispEdges"/><rect fill="#1e1e1e" x="48.8" y="99.1" width="36.6" height="24.65" shape-rendering="crispEdges"/><rect fill="#1e1e1e" x="85.4" y="99.1" width="36.6" height="24.65" shape-rendering="crispEdges"/><rect fill="#1e1e1e" x="122" y="99.1" width="61" height="24.65" shape-rendering="crispEdges"/><rect fill="#1e1e1e" x="183" y="99.1" width="793" height="24.65" shape-rendering="crispEdges"/><rect fill="#1e1e1e" x="0" y="123.5" width="976" height="24.65" shape-rendering="crispEdges"/><rect fill="#1e1e1e" x="0" y="147.9" width="976" height="24.65" shape-rendering="crispEdges"/><rect fill="#1e1e1e" x="0" y="172.3" width="976" height="24.65" shape-rendering="crispEdges"/><rect fill="#1e1e1e" x="0" y="196.7" width="976" height="24.65" shape-rendering="crispEdges"/><rect fill="#1e1e1e" x="0" y="221.1" width="976" height="24.65" shape-rendering="crispEdges"/><rect fill="#1e1e1e" x="0" y="245.5" width="976" height="24.65" shape-rendering="crispEdges"/><rect fill="#1e1e1e" x="0" y="269.9" width="976" height="24.65" shape-rendering="crispEdges"/><rect fill="#1e1e1e" x="0" y="294.3" width="976" height="24.65" shape-rendering="crispEdges"/><rect fill="#1e1e1e" x="0" y="318.7" width="976" height="24.65" shape-rendering="crispEdges"/><rect fill="#1e1e1e" x="0" y="343.1" width="976" height="24.65" shape-rendering="crispEdges"/><rect fill="#1e1e1e" x="0" y="367.5" width="976" height="24.65" shape-rendering="crispEdges"/><rect fill="#1e1e1e" x="0" y="391.9" width="976" height="24.65" shape-rendering="crispEdges"/><rect fill="#1e1e1e" x="0" y="416.3" width="976" height="24.65" shape-rendering="crispEdges"/><rect fill="#1e1e1e" x="0" y="440.7" width="976" height="24.65" shape-rendering="crispEdges"/><rect fill="#222222" x="0" y="465.1" width="976" height="24.65" shape-rendering="crispEdges"/><rect fill="#222222" x="0" y="489.5" width="12.2" height="24.65" shape-rendering="crispEdges"/><rect fill="#222222" x="12.2" y="489.5" width="951.6" height="24.65" shape-rendering="crispEdges"/><rect fill="#222222" x="963.8" y="489.5" width="12.2" height="24.65" shape-rendering="crispEdges"/><rect fill="#222222" x="0" y="513.9" width="976" height="24.65" shape-rendering="crispEdges"/><rect fill="#f39c12" x="0" y="538.3" width="12.2" height="24.65" shape-rendering="crispEdges"/><rect fill="#f39c12" x="12.2" y="538.3" width="939.4" height="24.65" shape-rendering="crispEdges"/><rect fill="#14191f" x="951.6" y="538.3" width="24.4" height="24.65" shape-rendering="crispEdges"/><rect fill="#0053aa" x="0" y="562.7" width="36.6" height="24.65" shape-rendering="crispEdges"/><rect fill="#0178d4" x="36.6" y="562.7" width="195.2" height="24.65" shape-rendering="crispEdges"/><rect fill="#0053aa" x="231.8" y="562.7" width="36.6" height="24.65" shape-rendering="crispEdges"/><rect fill="#0178d4" x="268.4" y="562.7" width="73.2" height="24.65" shape-rendering="crispEdges"/><rect fill="#0053aa" x="341.6" y="562.7" width="48.8" height="24.65" shape-rendering="crispEdges"/><rect fill="#0178d4" x="390.4" y="562.7" width="183" height="24.65" shape-rendering="crispEdges"/><rect fill="#0053aa" x="573.4" y="562.7" width="36.6" height="24.65" shape-rendering="crispEdges"/><rect fill="#0178d4" x="610" y="562.7" width="207.4" height="24.65" shape-rendering="crispEdges"/><rect fill="#0053aa" x="817.4" y="562.7" width="36.6" height="24.65" shape-rendering="crispEdges"/><rect fill="#0178d4" x="854" y="562.7" width="109.8" height="24.65" shape-rendering="crispEdges"/><rect fill="#0053aa" x="963.8" y="562.7" width="12.2" height="24.65" shape-rendering="crispEdges"/>
      <g class="terminal-4109739392-matrix">
      <text class="terminal-4109739392-r2" x="12.2" y="20" textLength="12.2" clip-path="url(#terminal-4109739392-line-0)">⭘</text><text class="terminal-4109739392-r2" x="402.6" y="20" textLength="146.4" clip-path="url(#terminal-4109739392-line-0)">TableDisplay</text><text class="terminal-4109739392-r1" x="976" y="20" textLength="12.2" clip-path="url(#terminal-4109739392-line-0)">
  </text><text class="terminal-4109739392-r3" x="0" y="44.4" textLength="48.8" clip-path="url(#terminal-4109739392-line-1)">&#160;ID&#160;</text><text class="terminal-4109739392-r3" x="48.8" y="44.4" textLength="36.6" clip-path="url(#terminal-4109739392-line-1)">&#160;a&#160;</text><text class="terminal-4109739392-r3" x="85.4" y="44.4" textLength="36.6" clip-path="url(#terminal-4109739392-line-1)">&#160;b&#160;</text><text class="terminal-4109739392-r3" x="122" y="44.4" textLength="61" clip-path="url(#terminal-4109739392-line-1)">&#160;c&#160;&#160;&#160;</text><text class="terminal-4109739392-r1" x="976" y="44.4" textLength="12.2" clip-path="url(#terminal-4109739392-line-1)">
  </text><text class="terminal-4109739392-r5" x="0" y="68.8" textLength="48.8" clip-path="url(#terminal-4109739392-line-2)">&#160;0&#160;&#160;</text><text class="terminal-4109739392-r6" x="48.8" y="68.8" textLength="36.6" clip-path="url(#terminal-4109739392-line-2)">&#160;1&#160;</text><text class="terminal-4109739392-r6" x="85.4" y="68.8" textLength="36.6" clip-path="url(#terminal-4109739392-line-2)">&#160;a&#160;</text><text class="terminal-4109739392-r6" x="122" y="68.8" textLength="61" clip-path="url(#terminal-4109739392-line-2)">&#160;0.1&#160;</text><text class="terminal-4109739392-r1" x="976" y="68.8" textLength="12.2" clip-path="url(#terminal-4109739392-line-2)">
  </text><text class="terminal-4109739392-r6" x="0" y="93.2" textLength="48.8" clip-path="url(#terminal-4109739392-line-3)">&#160;1&#160;&#160;</text><text class="terminal-4109739392-r6" x="48.8" y="93.2" textLength="36.6" clip-path="url(#terminal-4109739392-line-3)">&#160;2&#160;</text><text class="terminal-4109739392-r6" x="85.4" y="93.2" textLength="36.6" clip-path="url(#terminal-4109739392-line-3)">&#160;b&#160;</text><text class="terminal-4109739392-r6" x="122" y="93.2" textLength="61" clip-path="url(#terminal-4109739392-line-3)">&#160;0.2&#160;</text><text class="terminal-4109739392-r1" x="976" y="93.2" textLength="12.2" clip-path="url(#terminal-4109739392-line-3)">
  </text><text class="terminal-4109739392-r6" x="0" y="117.6" textLength="48.8" clip-path="url(#terminal-4109739392-line-4)">&#160;2&#160;&#160;</text><text class="terminal-4109739392-r6" x="48.8" y="117.6" textLength="36.6" clip-path="url(#terminal-4109739392-line-4)">&#160;3&#160;</text><text class="terminal-4109739392-r6" x="85.4" y="117.6" textLength="36.6" clip-path="url(#terminal-4109739392-line-4)">&#160;c&#160;</text><text class="terminal-4109739392-r6" x="122" y="117.6" textLength="61" clip-path="url(#terminal-4109739392-line-4)">&#160;0.3&#160;</text><text class="terminal-4109739392-r1" x="976" y="117.6" textLength="12.2" clip-path="url(#terminal-4109739392-line-4)">
  </text><text class="terminal-4109739392-r1" x="976" y="142" textLength="12.2" clip-path="url(#terminal-4109739392-line-5)">
  </text><text class="terminal-4109739392-r1" x="976" y="166.4" textLength="12.2" clip-path="url(#terminal-4109739392-line-6)">
  </text><text class="terminal-4109739392-r1" x="976" y="190.8" textLength="12.2" clip-path="url(#terminal-4109739392-line-7)">
  </text><text class="terminal-4109739392-r1" x="976" y="215.2" textLength="12.2" clip-path="url(#terminal-4109739392-line-8)">
  </text><text class="terminal-4109739392-r1" x="976" y="239.6" textLength="12.2" clip-path="url(#terminal-4109739392-line-9)">
  </text><text class="terminal-4109739392-r1" x="976" y="264" textLength="12.2" clip-path="url(#terminal-4109739392-line-10)">
  </text><text class="terminal-4109739392-r1" x="976" y="288.4" textLength="12.2" clip-path="url(#terminal-4109739392-line-11)">
  </text><text class="terminal-4109739392-r1" x="976" y="312.8" textLength="12.2" clip-path="url(#terminal-4109739392-line-12)">
  </text><text class="terminal-4109739392-r1" x="976" y="337.2" textLength="12.2" clip-path="url(#terminal-4109739392-line-13)">
  </text><text class="terminal-4109739392-r1" x="976" y="361.6" textLength="12.2" clip-path="url(#terminal-4109739392-line-14)">
  </text><text class="terminal-4109739392-r1" x="976" y="386" textLength="12.2" clip-path="url(#terminal-4109739392-line-15)">
  </text><text class="terminal-4109739392-r1" x="976" y="410.4" textLength="12.2" clip-path="url(#terminal-4109739392-line-16)">
  </text><text class="terminal-4109739392-r1" x="976" y="434.8" textLength="12.2" clip-path="url(#terminal-4109739392-line-17)">
  </text><text class="terminal-4109739392-r1" x="976" y="459.2" textLength="12.2" clip-path="url(#terminal-4109739392-line-18)">
  </text><text class="terminal-4109739392-r7" x="0" y="483.6" textLength="976" clip-path="url(#terminal-4109739392-line-19)">▔▔▔▔▔▔▔▔▔▔▔▔▔▔▔▔▔▔▔▔▔▔▔▔▔▔▔▔▔▔▔▔▔▔▔▔▔▔▔▔▔▔▔▔▔▔▔▔▔▔▔▔▔▔▔▔▔▔▔▔▔▔▔▔▔▔▔▔▔▔▔▔▔▔▔▔▔▔▔▔</text><text class="terminal-4109739392-r1" x="976" y="483.6" textLength="12.2" clip-path="url(#terminal-4109739392-line-19)">
  </text><text class="terminal-4109739392-r1" x="976" y="508" textLength="12.2" clip-path="url(#terminal-4109739392-line-20)">
  </text><text class="terminal-4109739392-r7" x="0" y="532.4" textLength="976" clip-path="url(#terminal-4109739392-line-21)">▁▁▁▁▁▁▁▁▁▁▁▁▁▁▁▁▁▁▁▁▁▁▁▁▁▁▁▁▁▁▁▁▁▁▁▁▁▁▁▁▁▁▁▁▁▁▁▁▁▁▁▁▁▁▁▁▁▁▁▁▁▁▁▁▁▁▁▁▁▁▁▁▁▁▁▁▁▁▁▁</text><text class="terminal-4109739392-r1" x="976" y="532.4" textLength="12.2" clip-path="url(#terminal-4109739392-line-21)">
  </text><text class="terminal-4109739392-r1" x="976" y="556.8" textLength="12.2" clip-path="url(#terminal-4109739392-line-22)">
  </text><text class="terminal-4109739392-r10" x="0" y="581.2" textLength="36.6" clip-path="url(#terminal-4109739392-line-23)">&#160;R&#160;</text><text class="terminal-4109739392-r11" x="36.6" y="581.2" textLength="195.2" clip-path="url(#terminal-4109739392-line-23)">&#160;Refresh&#160;screen&#160;</text><text class="terminal-4109739392-r10" x="231.8" y="581.2" textLength="36.6" clip-path="url(#terminal-4109739392-line-23)">&#160;q&#160;</text><text class="terminal-4109739392-r11" x="268.4" y="581.2" textLength="73.2" clip-path="url(#terminal-4109739392-line-23)">&#160;Quit&#160;</text><text class="terminal-4109739392-r10" x="341.6" y="581.2" textLength="48.8" clip-path="url(#terminal-4109739392-line-23)">&#160;F1&#160;</text><text class="terminal-4109739392-r11" x="390.4" y="581.2" textLength="183" clip-path="url(#terminal-4109739392-line-23)">&#160;Show&#160;bindings&#160;</text><text class="terminal-4109739392-r10" x="573.4" y="581.2" textLength="36.6" clip-path="url(#terminal-4109739392-line-23)">&#160;:&#160;</text><text class="terminal-4109739392-r11" x="610" y="581.2" textLength="207.4" clip-path="url(#terminal-4109739392-line-23)">&#160;Command&#160;Palette&#160;</text><text class="terminal-4109739392-r10" x="817.4" y="581.2" textLength="36.6" clip-path="url(#terminal-4109739392-line-23)">&#160;A&#160;</text><text class="terminal-4109739392-r11" x="854" y="581.2" textLength="109.8" clip-path="url(#terminal-4109739392-line-23)">&#160;Add&#160;row&#160;</text><text class="terminal-4109739392-r10" x="963.8" y="581.2" textLength="12.2" clip-path="url(#terminal-4109739392-line-23)">…</text>
      </g>
      </g>
  </svg>
  
  '''
# ---
